// Jest Snapshot v1, https://goo.gl/fbAQLP

exports[`Layout footer renders correctly 1`] = `
Object {
  "asFragment": [Function],
  "baseElement": <body>
    <div>
      <div
        class=""
        style="min-width: 0; flex-basis: 0px;"
      >
        <nav
          class="BULoA8 uui-main_menu uui-mainmenu-container aqkY9D"
        >
          <div
            class="bziidR HXwiKY"
          >
            <div
              class="uui-flex-row x8mfAd q3nKl2"
            >
              <div>
                <a
                  aria-disabled="false"
                  class="YHd3ss uui-anchor uui-enabled -clickable lhoOmi"
                  href="http://localhost"
                  role="link"
                  tabindex="0"
                >
                  <img
                    alt="Main Menu Logo"
                    class="qzo1nb"
                    src="artograd.logo.svg"
                  />
                </a>
              </div>
              <div
                class="bTGcnV"
              />
              <button
                class="penmb- uui-button-box uui-enabled RL38By _8kGjpz"
                tabindex="-1"
                type="button"
              >
                <div
                  class="uui-caption"
                >
                  © 1993—2024 EPAM Systems. All Rights Reserved.
                </div>
              </button>
              <div
                class="bTGcnV"
              />
              <button
                class="penmb- uui-button-box uui-enabled -clickable RL38By _8kGjpz footerLink"
                tabindex="0"
                type="button"
              >
                <div
                  class="uui-caption"
                >
                  Privacy policy
                </div>
              </button>
              <button
                class="penmb- uui-button-box uui-enabled -clickable RL38By _8kGjpz footerLink"
                tabindex="0"
                type="button"
              >
                <div
                  class="uui-caption"
                >
                  Cookies policy
                </div>
              </button>
            </div>
          </div>
        </nav>
      </div>
    </div>
  </body>,
  "container": <div>
    <div
      class=""
      style="min-width: 0; flex-basis: 0px;"
    >
      <nav
        class="BULoA8 uui-main_menu uui-mainmenu-container aqkY9D"
      >
        <div
          class="bziidR HXwiKY"
        >
          <div
            class="uui-flex-row x8mfAd q3nKl2"
          >
            <div>
              <a
                aria-disabled="false"
                class="YHd3ss uui-anchor uui-enabled -clickable lhoOmi"
                href="http://localhost"
                role="link"
                tabindex="0"
              >
                <img
                  alt="Main Menu Logo"
                  class="qzo1nb"
                  src="artograd.logo.svg"
                />
              </a>
            </div>
            <div
              class="bTGcnV"
            />
            <button
              class="penmb- uui-button-box uui-enabled RL38By _8kGjpz"
              tabindex="-1"
              type="button"
            >
              <div
                class="uui-caption"
              >
                © 1993—2024 EPAM Systems. All Rights Reserved.
              </div>
            </button>
            <div
              class="bTGcnV"
            />
            <button
              class="penmb- uui-button-box uui-enabled -clickable RL38By _8kGjpz footerLink"
              tabindex="0"
              type="button"
            >
              <div
                class="uui-caption"
              >
                Privacy policy
              </div>
            </button>
            <button
              class="penmb- uui-button-box uui-enabled -clickable RL38By _8kGjpz footerLink"
              tabindex="0"
              type="button"
            >
              <div
                class="uui-caption"
              >
                Cookies policy
              </div>
            </button>
          </div>
        </div>
      </nav>
    </div>
  </div>,
  "debug": [Function],
  "findAllByAltText": [Function],
  "findAllByDisplayValue": [Function],
  "findAllByLabelText": [Function],
  "findAllByPlaceholderText": [Function],
  "findAllByRole": [Function],
  "findAllByTestId": [Function],
  "findAllByText": [Function],
  "findAllByTitle": [Function],
  "findByAltText": [Function],
  "findByDisplayValue": [Function],
  "findByLabelText": [Function],
  "findByPlaceholderText": [Function],
  "findByRole": [Function],
  "findByTestId": [Function],
  "findByText": [Function],
  "findByTitle": [Function],
  "getAllByAltText": [Function],
  "getAllByDisplayValue": [Function],
  "getAllByLabelText": [Function],
  "getAllByPlaceholderText": [Function],
  "getAllByRole": [Function],
  "getAllByTestId": [Function],
  "getAllByText": [Function],
  "getAllByTitle": [Function],
  "getByAltText": [Function],
  "getByDisplayValue": [Function],
  "getByLabelText": [Function],
  "getByPlaceholderText": [Function],
  "getByRole": [Function],
  "getByTestId": [Function],
  "getByText": [Function],
  "getByTitle": [Function],
  "queryAllByAltText": [Function],
  "queryAllByDisplayValue": [Function],
  "queryAllByLabelText": [Function],
  "queryAllByPlaceholderText": [Function],
  "queryAllByRole": [Function],
  "queryAllByTestId": [Function],
  "queryAllByText": [Function],
  "queryAllByTitle": [Function],
  "queryByAltText": [Function],
  "queryByDisplayValue": [Function],
  "queryByLabelText": [Function],
  "queryByPlaceholderText": [Function],
  "queryByRole": [Function],
  "queryByTestId": [Function],
  "queryByText": [Function],
  "queryByTitle": [Function],
  "rerender": [Function],
  "unmount": [Function],
}
`;
