// Jest Snapshot v1, https://goo.gl/fbAQLP

exports[`Not found page renders correctly 1`] = `
Object {
  "asFragment": [Function],
  "baseElement": <body>
    <div>
      <div
        class="uui-panel Dy3NM- wrapper _54i0RB"
      >
        <img
          src="error.svg"
        />
        <div
          class="ZTInfz uui-text uui-color-primary uui-font-weight-400 uui-font-style-normal uui-typography NTnjYI oep1Ot QL0z0q En3MXG"
        >
          Page not found!
        </div>
        <button
          class="uui-button-box uui-enabled -clickable EBheCm pSu6kE uui-button uui-fill-solid uui-color-accent uui-size-36"
          data-testid="not-found-cta"
          tabindex="0"
          type="button"
        >
          <div
            class="uui-caption"
          >
            Return to homepage
          </div>
        </button>
      </div>
    </div>
  </body>,
  "container": <div>
    <div
      class="uui-panel Dy3NM- wrapper _54i0RB"
    >
      <img
        src="error.svg"
      />
      <div
        class="ZTInfz uui-text uui-color-primary uui-font-weight-400 uui-font-style-normal uui-typography NTnjYI oep1Ot QL0z0q En3MXG"
      >
        Page not found!
      </div>
      <button
        class="uui-button-box uui-enabled -clickable EBheCm pSu6kE uui-button uui-fill-solid uui-color-accent uui-size-36"
        data-testid="not-found-cta"
        tabindex="0"
        type="button"
      >
        <div
          class="uui-caption"
        >
          Return to homepage
        </div>
      </button>
    </div>
  </div>,
  "debug": [Function],
  "findAllByAltText": [Function],
  "findAllByAria": [Function],
  "findAllByDisplayValue": [Function],
  "findAllByLabelText": [Function],
  "findAllByPlaceholderText": [Function],
  "findAllByRole": [Function],
  "findAllByRoleAndText": [Function],
  "findAllByTestId": [Function],
  "findAllByText": [Function],
  "findAllByTitle": [Function],
  "findByAltText": [Function],
  "findByAria": [Function],
  "findByDisplayValue": [Function],
  "findByLabelText": [Function],
  "findByPlaceholderText": [Function],
  "findByRole": [Function],
  "findByRoleAndText": [Function],
  "findByTestId": [Function],
  "findByText": [Function],
  "findByTitle": [Function],
  "getAllByAltText": [Function],
  "getAllByAria": [Function],
  "getAllByDisplayValue": [Function],
  "getAllByLabelText": [Function],
  "getAllByPlaceholderText": [Function],
  "getAllByRole": [Function],
  "getAllByRoleAndText": [Function],
  "getAllByTestId": [Function],
  "getAllByText": [Function],
  "getAllByTitle": [Function],
  "getByAltText": [Function],
  "getByAria": [Function],
  "getByDisplayValue": [Function],
  "getByLabelText": [Function],
  "getByPlaceholderText": [Function],
  "getByRole": [Function],
  "getByRoleAndText": [Function],
  "getByTestId": [Function],
  "getByText": [Function],
  "getByTitle": [Function],
  "queryAllByAltText": [Function],
  "queryAllByAria": [Function],
  "queryAllByDisplayValue": [Function],
  "queryAllByLabelText": [Function],
  "queryAllByPlaceholderText": [Function],
  "queryAllByRole": [Function],
  "queryAllByRoleAndText": [Function],
  "queryAllByTestId": [Function],
  "queryAllByText": [Function],
  "queryAllByTitle": [Function],
  "queryByAltText": [Function],
  "queryByAria": [Function],
  "queryByDisplayValue": [Function],
  "queryByLabelText": [Function],
  "queryByPlaceholderText": [Function],
  "queryByRole": [Function],
  "queryByRoleAndText": [Function],
  "queryByTestId": [Function],
  "queryByText": [Function],
  "queryByTitle": [Function],
  "rerender": [Function],
  "unmount": [Function],
}
`;
